// Jest Snapshot v1, https://goo.gl/fbAQLP

exports[`Test APP renders learn react link 1`] = `
<input
  placeholder="write text..."
/>
`;
